2025-08-14 12:13:19,594 - GenericDatasetViewer - INFO - Initialized GenericDatasetViewer for dataset: denta_dataset
2025-08-14 12:13:19,594 - GenericDatasetViewer - INFO - Image directory: /home/abhinand/ws/clearml-ws/dataset_source/images
2025-08-14 12:13:19,594 - GenericDatasetViewer - INFO - Annotation directory: /home/abhinand/ws/clearml-ws/dataset_source/annotations
2025-08-14 12:13:19,594 - GenericDatasetViewer - INFO - Loading images into FiftyOne dataset...
2025-08-14 12:13:22,718 - eta.core.utils - INFO -  100% |██████████████████████████████████████████████████████████████████████████████| 100/100 [42.5ms elapsed, 0s remaining, 2.4K samples/s]   
2025-08-14 12:13:22,719 - GenericDatasetViewer - INFO - Successfully loaded dataset with 100 samples.
2025-08-14 12:13:22,719 - GenericDatasetViewer - INFO - Processing annotations and attaching to dataset...
2025-08-14 12:13:22,742 - GenericDatasetViewer - INFO - Annotations for 1.xml successfully attached.
2025-08-14 12:13:22,754 - GenericDatasetViewer - INFO - Annotations for 10.xml successfully attached.
2025-08-14 12:13:22,763 - GenericDatasetViewer - INFO - Annotations for 100.xml successfully attached.
2025-08-14 12:13:22,778 - GenericDatasetViewer - INFO - Annotations for 11.xml successfully attached.
2025-08-14 12:13:22,787 - GenericDatasetViewer - INFO - Annotations for 12.xml successfully attached.
2025-08-14 12:13:22,798 - GenericDatasetViewer - INFO - Annotations for 13.xml successfully attached.
2025-08-14 12:13:22,809 - GenericDatasetViewer - INFO - Annotations for 14.xml successfully attached.
2025-08-14 12:13:22,813 - GenericDatasetViewer - INFO - Annotations for 15.xml successfully attached.
2025-08-14 12:13:22,821 - GenericDatasetViewer - INFO - Annotations for 16.xml successfully attached.
2025-08-14 12:13:22,831 - GenericDatasetViewer - INFO - Annotations for 17.xml successfully attached.
2025-08-14 12:13:22,838 - GenericDatasetViewer - INFO - Annotations for 18.xml successfully attached.
2025-08-14 12:13:22,845 - GenericDatasetViewer - INFO - Annotations for 19.xml successfully attached.
2025-08-14 12:13:22,858 - GenericDatasetViewer - INFO - Annotations for 2.xml successfully attached.
2025-08-14 12:13:22,867 - GenericDatasetViewer - INFO - Annotations for 20.xml successfully attached.
2025-08-14 12:13:22,882 - GenericDatasetViewer - INFO - Annotations for 21.xml successfully attached.
2025-08-14 12:13:22,889 - GenericDatasetViewer - INFO - Annotations for 22.xml successfully attached.
2025-08-14 12:13:22,906 - GenericDatasetViewer - INFO - Annotations for 23.xml successfully attached.
2025-08-14 12:13:22,916 - GenericDatasetViewer - INFO - Annotations for 24.xml successfully attached.
2025-08-14 12:13:22,924 - GenericDatasetViewer - INFO - Annotations for 25.xml successfully attached.
2025-08-14 12:13:22,948 - GenericDatasetViewer - INFO - Annotations for 26.xml successfully attached.
2025-08-14 12:13:22,965 - GenericDatasetViewer - INFO - Annotations for 27.xml successfully attached.
2025-08-14 12:13:22,981 - GenericDatasetViewer - INFO - Annotations for 28.xml successfully attached.
2025-08-14 12:13:22,999 - GenericDatasetViewer - INFO - Annotations for 29.xml successfully attached.
2025-08-14 12:13:23,011 - GenericDatasetViewer - INFO - Annotations for 3.xml successfully attached.
2025-08-14 12:13:23,021 - GenericDatasetViewer - INFO - Annotations for 30.xml successfully attached.
2025-08-14 12:13:23,026 - GenericDatasetViewer - INFO - Annotations for 31.xml successfully attached.
2025-08-14 12:13:23,033 - GenericDatasetViewer - INFO - Annotations for 32.xml successfully attached.
2025-08-14 12:13:23,095 - GenericDatasetViewer - INFO - Annotations for 33.xml successfully attached.
2025-08-14 12:13:23,108 - GenericDatasetViewer - INFO - Annotations for 34.xml successfully attached.
2025-08-14 12:13:23,116 - GenericDatasetViewer - INFO - Annotations for 35.xml successfully attached.
2025-08-14 12:13:23,124 - GenericDatasetViewer - INFO - Annotations for 36.xml successfully attached.
2025-08-14 12:13:23,147 - GenericDatasetViewer - INFO - Annotations for 37.xml successfully attached.
2025-08-14 12:13:23,158 - GenericDatasetViewer - INFO - Annotations for 38.xml successfully attached.
2025-08-14 12:13:23,170 - GenericDatasetViewer - INFO - Annotations for 39.xml successfully attached.
2025-08-14 12:13:23,181 - GenericDatasetViewer - INFO - Annotations for 4.xml successfully attached.
2025-08-14 12:13:23,188 - GenericDatasetViewer - INFO - Annotations for 40.xml successfully attached.
2025-08-14 12:13:23,192 - GenericDatasetViewer - INFO - Annotations for 41.xml successfully attached.
2025-08-14 12:13:23,198 - GenericDatasetViewer - INFO - Annotations for 42.xml successfully attached.
2025-08-14 12:13:23,209 - GenericDatasetViewer - INFO - Annotations for 43.xml successfully attached.
2025-08-14 12:13:23,218 - GenericDatasetViewer - INFO - Annotations for 44.xml successfully attached.
2025-08-14 12:13:23,222 - GenericDatasetViewer - INFO - Annotations for 45.xml successfully attached.
2025-08-14 12:13:23,227 - GenericDatasetViewer - INFO - Annotations for 46.xml successfully attached.
2025-08-14 12:13:23,237 - GenericDatasetViewer - INFO - Annotations for 47.xml successfully attached.
2025-08-14 12:13:23,247 - GenericDatasetViewer - INFO - Annotations for 48.xml successfully attached.
2025-08-14 12:13:23,255 - GenericDatasetViewer - INFO - Annotations for 49.xml successfully attached.
2025-08-14 12:13:23,261 - GenericDatasetViewer - INFO - Annotations for 5.xml successfully attached.
2025-08-14 12:13:23,272 - GenericDatasetViewer - INFO - Annotations for 50.xml successfully attached.
2025-08-14 12:13:23,285 - GenericDatasetViewer - INFO - Annotations for 51.xml successfully attached.
2025-08-14 12:13:23,291 - GenericDatasetViewer - INFO - Annotations for 52.xml successfully attached.
2025-08-14 12:13:23,297 - GenericDatasetViewer - INFO - Annotations for 53.xml successfully attached.
2025-08-14 12:13:23,312 - GenericDatasetViewer - INFO - Annotations for 54.xml successfully attached.
2025-08-14 12:13:23,327 - GenericDatasetViewer - INFO - Annotations for 55.xml successfully attached.
2025-08-14 12:13:23,337 - GenericDatasetViewer - INFO - Annotations for 56.xml successfully attached.
2025-08-14 12:13:23,354 - GenericDatasetViewer - INFO - Annotations for 57.xml successfully attached.
2025-08-14 12:13:23,369 - GenericDatasetViewer - INFO - Annotations for 58.xml successfully attached.
2025-08-14 12:13:23,379 - GenericDatasetViewer - INFO - Annotations for 59.xml successfully attached.
2025-08-14 12:13:23,385 - GenericDatasetViewer - INFO - Annotations for 6.xml successfully attached.
2025-08-14 12:13:23,403 - GenericDatasetViewer - INFO - Annotations for 60.xml successfully attached.
2025-08-14 12:13:23,425 - GenericDatasetViewer - INFO - Annotations for 61.xml successfully attached.
2025-08-14 12:13:23,433 - GenericDatasetViewer - INFO - Annotations for 62.xml successfully attached.
2025-08-14 12:13:23,443 - GenericDatasetViewer - INFO - Annotations for 63.xml successfully attached.
2025-08-14 12:13:23,463 - GenericDatasetViewer - INFO - Annotations for 64.xml successfully attached.
2025-08-14 12:13:23,482 - GenericDatasetViewer - INFO - Annotations for 65.xml successfully attached.
2025-08-14 12:13:23,491 - GenericDatasetViewer - INFO - Annotations for 66.xml successfully attached.
2025-08-14 12:13:23,498 - GenericDatasetViewer - INFO - Annotations for 67.xml successfully attached.
2025-08-14 12:13:23,508 - GenericDatasetViewer - INFO - Annotations for 68.xml successfully attached.
2025-08-14 12:13:23,521 - GenericDatasetViewer - INFO - Annotations for 69.xml successfully attached.
2025-08-14 12:13:23,532 - GenericDatasetViewer - INFO - Annotations for 7.xml successfully attached.
2025-08-14 12:13:23,539 - GenericDatasetViewer - INFO - Annotations for 70.xml successfully attached.
2025-08-14 12:13:23,548 - GenericDatasetViewer - INFO - Annotations for 71.xml successfully attached.
2025-08-14 12:13:23,555 - GenericDatasetViewer - INFO - Annotations for 72.xml successfully attached.
2025-08-14 12:13:23,572 - GenericDatasetViewer - INFO - Annotations for 73.xml successfully attached.
2025-08-14 12:13:23,588 - GenericDatasetViewer - INFO - Annotations for 74.xml successfully attached.
2025-08-14 12:13:23,593 - GenericDatasetViewer - INFO - Annotations for 75.xml successfully attached.
2025-08-14 12:13:23,597 - GenericDatasetViewer - INFO - Annotations for 76.xml successfully attached.
2025-08-14 12:13:23,602 - GenericDatasetViewer - INFO - Annotations for 77.xml successfully attached.
2025-08-14 12:13:23,612 - GenericDatasetViewer - INFO - Annotations for 78.xml successfully attached.
2025-08-14 12:13:23,618 - GenericDatasetViewer - INFO - Annotations for 79.xml successfully attached.
2025-08-14 12:13:23,626 - GenericDatasetViewer - INFO - Annotations for 8.xml successfully attached.
2025-08-14 12:13:23,633 - GenericDatasetViewer - INFO - Annotations for 80.xml successfully attached.
2025-08-14 12:13:23,642 - GenericDatasetViewer - INFO - Annotations for 81.xml successfully attached.
2025-08-14 12:13:23,664 - GenericDatasetViewer - INFO - Annotations for 82.xml successfully attached.
2025-08-14 12:13:23,676 - GenericDatasetViewer - INFO - Annotations for 83.xml successfully attached.
2025-08-14 12:13:23,691 - GenericDatasetViewer - INFO - Annotations for 84.xml successfully attached.
2025-08-14 12:13:23,701 - GenericDatasetViewer - INFO - Annotations for 85.xml successfully attached.
2025-08-14 12:13:23,710 - GenericDatasetViewer - INFO - Annotations for 86.xml successfully attached.
2025-08-14 12:13:23,716 - GenericDatasetViewer - INFO - Annotations for 87.xml successfully attached.
2025-08-14 12:13:23,719 - GenericDatasetViewer - INFO - Annotations for 88.xml successfully attached.
2025-08-14 12:13:23,729 - GenericDatasetViewer - INFO - Annotations for 89.xml successfully attached.
2025-08-14 12:13:23,747 - GenericDatasetViewer - INFO - Annotations for 9.xml successfully attached.
2025-08-14 12:13:23,762 - GenericDatasetViewer - INFO - Annotations for 90.xml successfully attached.
2025-08-14 12:13:23,770 - GenericDatasetViewer - INFO - Annotations for 91.xml successfully attached.
2025-08-14 12:13:23,781 - GenericDatasetViewer - INFO - Annotations for 92.xml successfully attached.
2025-08-14 12:13:23,796 - GenericDatasetViewer - INFO - Annotations for 93.xml successfully attached.
2025-08-14 12:13:23,804 - GenericDatasetViewer - INFO - Annotations for 94.xml successfully attached.
2025-08-14 12:13:23,826 - GenericDatasetViewer - INFO - Annotations for 95.xml successfully attached.
2025-08-14 12:13:23,842 - GenericDatasetViewer - INFO - Annotations for 96.xml successfully attached.
2025-08-14 12:13:23,848 - GenericDatasetViewer - INFO - Annotations for 97.xml successfully attached.
2025-08-14 12:13:23,855 - GenericDatasetViewer - INFO - Annotations for 98.xml successfully attached.
2025-08-14 12:13:23,864 - GenericDatasetViewer - INFO - Annotations for 99.xml successfully attached.
2025-08-14 12:13:23,865 - GenericDatasetViewer - INFO - Finished processing annotations.
2025-08-14 12:13:23,865 - GenericDatasetViewer - INFO - Launching FiftyOne app...
2025-08-14 12:13:29,013 - fiftyone.core.session.session - INFO - App launched. Point your web browser to http://localhost:5151
